// Jest Snapshot v1, https://goo.gl/fbAQLP

exports[`renders correctly 1`] = `
<View
  style={
    [
      {
        "backgroundColor": "#fff",
      },
      {
        "flex": 1,
      },
    ]
  }
>
  <RCTScrollView
    collapsable={false}
    forwardedRef={[Function]}
    jestAnimatedStyle={
      {
        "value": {},
      }
    }
    scrollEventThrottle={16}
  >
    <View>
      <View
        style={
          [
            {
              "backgroundColor": "#fff",
            },
            {
              "flex": 1,
              "gap": 16,
              "overflow": "hidden",
              "padding": 32,
            },
          ]
        }
      >
        <View
          style={
            [
              {
                "backgroundColor": "#fff",
              },
              undefined,
            ]
          }
        >
          <Text
            style={
              [
                {
                  "color": "#11181C",
                },
                {
                  "fontSize": 16,
                  "lineHeight": 24,
                },
                undefined,
                undefined,
                undefined,
                undefined,
                undefined,
              ]
            }
          >
            xxx
          </Text>
        </View>
      </View>
    </View>
  </RCTScrollView>
</View>
`;
